
> task-payroll@0.0.0 build
> vite build

node.exe : [31mfailed to load config from E:\Study
\Marwadi\Sem-4\AWT\Project\task-payroll-final\vite.
config.js[39m
At C:\nvm4w\nodejs\npm.ps1:29 char:3
+   & $NODE_EXE $NPM_CLI_JS $args
+   ~~~~~~~~~~~~~~~~~~~~~~~~~~~~~
    + CategoryInfo          : NotSpecified: ([31m 
   failed to ....config.js[39m:String) [], Remot  
  eException
    + FullyQualifiedErrorId : NativeCommandError
 
[31merror during build:
Error [ERR_PACKAGE_PATH_NOT_EXPORTED]: Package 
subpath './internal' is not defined by "exports" 
in E:\Study\Marwadi\Sem-4\AWT\Project\task-payroll-
final\node_modules\vite\package.json imported from 
E:\Study\Marwadi\Sem-4\AWT\Project\task-payroll-fin
al\node_modules\@vitejs\plugin-react\dist\index.js
    at exportsNotFound 
(node:internal/modules/esm/resolve:314:10)
    at packageExportsResolve 
(node:internal/modules/esm/resolve:661:9)
    at packageResolve 
(node:internal/modules/esm/resolve:774:12)
    at moduleResolve 
(node:internal/modules/esm/resolve:854:18)
    at defaultResolve 
(node:internal/modules/esm/resolve:984:11)
    at ModuleLoader.defaultResolve 
(node:internal/modules/esm/loader:780:12)
    at #cachedDefaultResolve 
(node:internal/modules/esm/loader:704:25)
    at ModuleLoader.resolve 
(node:internal/modules/esm/loader:687:38)
    at ModuleLoader.getModuleJobForImport 
(node:internal/modules/esm/loader:305:38)
    at ModuleJob._link 
(node:internal/modules/esm/module_job:175:49)[39m
